[      67ms] [WARNING] Mixed Content: The page at 'https://repository.upi.edu/149720/' was loaded over HTTPS, but requested an insecure element 'http://repository.upi.edu/style/images/fileicons/text.png'. This request was automatically upgraded to HTTPS, For more information see https://blog.chromium.org/2019/10/no-more-mixed-messages-about-https.html @ https://repository.upi.edu/149720/:0
[      67ms] [WARNING] Mixed Content: The page at 'https://repository.upi.edu/149720/' was loaded over HTTPS, but requested an insecure element 'http://repository.upi.edu/style/images/fileicons/text.png'. This request was automatically upgraded to HTTPS, For more information see https://blog.chromium.org/2019/10/no-more-mixed-messages-about-https.html @ https://repository.upi.edu/149720/:0
[      67ms] [WARNING] Mixed Content: The page at 'https://repository.upi.edu/149720/' was loaded over HTTPS, but requested an insecure element 'http://repository.upi.edu/style/images/fileicons/text.png'. This request was automatically upgraded to HTTPS, For more information see https://blog.chromium.org/2019/10/no-more-mixed-messages-about-https.html @ https://repository.upi.edu/149720/:0
[      67ms] [WARNING] Mixed Content: The page at 'https://repository.upi.edu/149720/' was loaded over HTTPS, but requested an insecure element 'http://repository.upi.edu/style/images/fileicons/text.png'. This request was automatically upgraded to HTTPS, For more information see https://blog.chromium.org/2019/10/no-more-mixed-messages-about-https.html @ https://repository.upi.edu/149720/:0
[      67ms] [WARNING] Mixed Content: The page at 'https://repository.upi.edu/149720/' was loaded over HTTPS, but requested an insecure element 'http://repository.upi.edu/style/images/fileicons/text.png'. This request was automatically upgraded to HTTPS, For more information see https://blog.chromium.org/2019/10/no-more-mixed-messages-about-https.html @ https://repository.upi.edu/149720/:0
[      67ms] [WARNING] Mixed Content: The page at 'https://repository.upi.edu/149720/' was loaded over HTTPS, but requested an insecure element 'http://repository.upi.edu/style/images/fileicons/text.png'. This request was automatically upgraded to HTTPS, For more information see https://blog.chromium.org/2019/10/no-more-mixed-messages-about-https.html @ https://repository.upi.edu/149720/:0
[      67ms] [WARNING] Mixed Content: The page at 'https://repository.upi.edu/149720/' was loaded over HTTPS, but requested an insecure element 'http://repository.upi.edu/style/images/fileicons/text.png'. This request was automatically upgraded to HTTPS, For more information see https://blog.chromium.org/2019/10/no-more-mixed-messages-about-https.html @ https://repository.upi.edu/149720/:0
[     324ms] [WARNING] Mixed Content: The page at 'https://repository.upi.edu/149720/' was loaded over HTTPS, but requested an insecure element 'http://repository.upi.edu/style/images/fileicons/text.png'. This request was automatically upgraded to HTTPS, For more information see https://blog.chromium.org/2019/10/no-more-mixed-messages-about-https.html @ https://repository.upi.edu/149720/:318
[     325ms] ReferenceError: gaq is not defined
    at https://repository.upi.edu/149720/:309:3
[     324ms] [WARNING] Mixed Content: The page at 'https://repository.upi.edu/149720/' was loaded over HTTPS, but requested an insecure element 'http://repository.upi.edu/style/images/fileicons/text.png'. This request was automatically upgraded to HTTPS, For more information see https://blog.chromium.org/2019/10/no-more-mixed-messages-about-https.html @ https://repository.upi.edu/149720/:359
[     326ms] ReferenceError: gaq is not defined
    at https://repository.upi.edu/149720/:350:3
[     324ms] [WARNING] Mixed Content: The page at 'https://repository.upi.edu/149720/' was loaded over HTTPS, but requested an insecure element 'http://repository.upi.edu/style/images/fileicons/text.png'. This request was automatically upgraded to HTTPS, For more information see https://blog.chromium.org/2019/10/no-more-mixed-messages-about-https.html @ https://repository.upi.edu/149720/:400
[     326ms] ReferenceError: gaq is not defined
    at https://repository.upi.edu/149720/:391:3
[     324ms] [WARNING] Mixed Content: The page at 'https://repository.upi.edu/149720/' was loaded over HTTPS, but requested an insecure element 'http://repository.upi.edu/style/images/fileicons/text.png'. This request was automatically upgraded to HTTPS, For more information see https://blog.chromium.org/2019/10/no-more-mixed-messages-about-https.html @ https://repository.upi.edu/149720/:441
[     326ms] ReferenceError: gaq is not defined
    at https://repository.upi.edu/149720/:432:3
[     324ms] [WARNING] Mixed Content: The page at 'https://repository.upi.edu/149720/' was loaded over HTTPS, but requested an insecure element 'http://repository.upi.edu/style/images/fileicons/text.png'. This request was automatically upgraded to HTTPS, For more information see https://blog.chromium.org/2019/10/no-more-mixed-messages-about-https.html @ https://repository.upi.edu/149720/:482
[     326ms] ReferenceError: gaq is not defined
    at https://repository.upi.edu/149720/:473:3
[     324ms] [WARNING] Mixed Content: The page at 'https://repository.upi.edu/149720/' was loaded over HTTPS, but requested an insecure element 'http://repository.upi.edu/style/images/fileicons/text.png'. This request was automatically upgraded to HTTPS, For more information see https://blog.chromium.org/2019/10/no-more-mixed-messages-about-https.html @ https://repository.upi.edu/149720/:523
[     326ms] ReferenceError: gaq is not defined
    at https://repository.upi.edu/149720/:514:3
[     324ms] [WARNING] Mixed Content: The page at 'https://repository.upi.edu/149720/' was loaded over HTTPS, but requested an insecure element 'http://repository.upi.edu/style/images/fileicons/text.png'. This request was automatically upgraded to HTTPS, For more information see https://blog.chromium.org/2019/10/no-more-mixed-messages-about-https.html @ https://repository.upi.edu/149720/:564
[     326ms] ReferenceError: gaq is not defined
    at https://repository.upi.edu/149720/:555:3
[  374466ms] [WARNING] Mixed Content: The page at 'https://repository.upi.edu/149720/' was loaded over HTTPS, but requested an insecure element 'http://repository.upi.edu/style/images/fileicons/text.png'. This request was automatically upgraded to HTTPS, For more information see https://blog.chromium.org/2019/10/no-more-mixed-messages-about-https.html @ https://repository.upi.edu/149720/:0
[  374466ms] [WARNING] Mixed Content: The page at 'https://repository.upi.edu/149720/' was loaded over HTTPS, but requested an insecure element 'http://repository.upi.edu/style/images/fileicons/text.png'. This request was automatically upgraded to HTTPS, For more information see https://blog.chromium.org/2019/10/no-more-mixed-messages-about-https.html @ https://repository.upi.edu/149720/:0
[  374466ms] [WARNING] Mixed Content: The page at 'https://repository.upi.edu/149720/' was loaded over HTTPS, but requested an insecure element 'http://repository.upi.edu/style/images/fileicons/text.png'. This request was automatically upgraded to HTTPS, For more information see https://blog.chromium.org/2019/10/no-more-mixed-messages-about-https.html @ https://repository.upi.edu/149720/:0
[  374466ms] [WARNING] Mixed Content: The page at 'https://repository.upi.edu/149720/' was loaded over HTTPS, but requested an insecure element 'http://repository.upi.edu/style/images/fileicons/text.png'. This request was automatically upgraded to HTTPS, For more information see https://blog.chromium.org/2019/10/no-more-mixed-messages-about-https.html @ https://repository.upi.edu/149720/:0
[  374466ms] [WARNING] Mixed Content: The page at 'https://repository.upi.edu/149720/' was loaded over HTTPS, but requested an insecure element 'http://repository.upi.edu/style/images/fileicons/text.png'. This request was automatically upgraded to HTTPS, For more information see https://blog.chromium.org/2019/10/no-more-mixed-messages-about-https.html @ https://repository.upi.edu/149720/:0
[  374466ms] [WARNING] Mixed Content: The page at 'https://repository.upi.edu/149720/' was loaded over HTTPS, but requested an insecure element 'http://repository.upi.edu/style/images/fileicons/text.png'. This request was automatically upgraded to HTTPS, For more information see https://blog.chromium.org/2019/10/no-more-mixed-messages-about-https.html @ https://repository.upi.edu/149720/:0
[  374466ms] [WARNING] Mixed Content: The page at 'https://repository.upi.edu/149720/' was loaded over HTTPS, but requested an insecure element 'http://repository.upi.edu/style/images/fileicons/text.png'. This request was automatically upgraded to HTTPS, For more information see https://blog.chromium.org/2019/10/no-more-mixed-messages-about-https.html @ https://repository.upi.edu/149720/:0
[  374482ms] [WARNING] Mixed Content: The page at 'https://repository.upi.edu/149720/' was loaded over HTTPS, but requested an insecure element 'http://repository.upi.edu/style/images/fileicons/text.png'. This request was automatically upgraded to HTTPS, For more information see https://blog.chromium.org/2019/10/no-more-mixed-messages-about-https.html @ https://repository.upi.edu/149720/:318
[  374497ms] ReferenceError: gaq is not defined
    at https://repository.upi.edu/149720/:309:3
[  374482ms] [WARNING] Mixed Content: The page at 'https://repository.upi.edu/149720/' was loaded over HTTPS, but requested an insecure element 'http://repository.upi.edu/style/images/fileicons/text.png'. This request was automatically upgraded to HTTPS, For more information see https://blog.chromium.org/2019/10/no-more-mixed-messages-about-https.html @ https://repository.upi.edu/149720/:359
[  374497ms] ReferenceError: gaq is not defined
    at https://repository.upi.edu/149720/:350:3
[  374482ms] [WARNING] Mixed Content: The page at 'https://repository.upi.edu/149720/' was loaded over HTTPS, but requested an insecure element 'http://repository.upi.edu/style/images/fileicons/text.png'. This request was automatically upgraded to HTTPS, For more information see https://blog.chromium.org/2019/10/no-more-mixed-messages-about-https.html @ https://repository.upi.edu/149720/:400
[  374497ms] ReferenceError: gaq is not defined
    at https://repository.upi.edu/149720/:391:3
[  374483ms] [WARNING] Mixed Content: The page at 'https://repository.upi.edu/149720/' was loaded over HTTPS, but requested an insecure element 'http://repository.upi.edu/style/images/fileicons/text.png'. This request was automatically upgraded to HTTPS, For more information see https://blog.chromium.org/2019/10/no-more-mixed-messages-about-https.html @ https://repository.upi.edu/149720/:441
[  374497ms] ReferenceError: gaq is not defined
    at https://repository.upi.edu/149720/:432:3
[  374483ms] [WARNING] Mixed Content: The page at 'https://repository.upi.edu/149720/' was loaded over HTTPS, but requested an insecure element 'http://repository.upi.edu/style/images/fileicons/text.png'. This request was automatically upgraded to HTTPS, For more information see https://blog.chromium.org/2019/10/no-more-mixed-messages-about-https.html @ https://repository.upi.edu/149720/:482
[  374497ms] ReferenceError: gaq is not defined
    at https://repository.upi.edu/149720/:473:3
[  374483ms] [WARNING] Mixed Content: The page at 'https://repository.upi.edu/149720/' was loaded over HTTPS, but requested an insecure element 'http://repository.upi.edu/style/images/fileicons/text.png'. This request was automatically upgraded to HTTPS, For more information see https://blog.chromium.org/2019/10/no-more-mixed-messages-about-https.html @ https://repository.upi.edu/149720/:523
[  374497ms] ReferenceError: gaq is not defined
    at https://repository.upi.edu/149720/:514:3
[  374483ms] [WARNING] Mixed Content: The page at 'https://repository.upi.edu/149720/' was loaded over HTTPS, but requested an insecure element 'http://repository.upi.edu/style/images/fileicons/text.png'. This request was automatically upgraded to HTTPS, For more information see https://blog.chromium.org/2019/10/no-more-mixed-messages-about-https.html @ https://repository.upi.edu/149720/:564
[  374497ms] ReferenceError: gaq is not defined
    at https://repository.upi.edu/149720/:555:3
[  388006ms] [WARNING] Mixed Content: The page at 'https://repository.upi.edu/149720/' was loaded over HTTPS, but requested an insecure element 'http://repository.upi.edu/style/images/fileicons/text.png'. This request was automatically upgraded to HTTPS, For more information see https://blog.chromium.org/2019/10/no-more-mixed-messages-about-https.html @ https://repository.upi.edu/149720/:0
[  388006ms] [WARNING] Mixed Content: The page at 'https://repository.upi.edu/149720/' was loaded over HTTPS, but requested an insecure element 'http://repository.upi.edu/style/images/fileicons/text.png'. This request was automatically upgraded to HTTPS, For more information see https://blog.chromium.org/2019/10/no-more-mixed-messages-about-https.html @ https://repository.upi.edu/149720/:0
[  388006ms] [WARNING] Mixed Content: The page at 'https://repository.upi.edu/149720/' was loaded over HTTPS, but requested an insecure element 'http://repository.upi.edu/style/images/fileicons/text.png'. This request was automatically upgraded to HTTPS, For more information see https://blog.chromium.org/2019/10/no-more-mixed-messages-about-https.html @ https://repository.upi.edu/149720/:0
[  388006ms] [WARNING] Mixed Content: The page at 'https://repository.upi.edu/149720/' was loaded over HTTPS, but requested an insecure element 'http://repository.upi.edu/style/images/fileicons/text.png'. This request was automatically upgraded to HTTPS, For more information see https://blog.chromium.org/2019/10/no-more-mixed-messages-about-https.html @ https://repository.upi.edu/149720/:0
[  388006ms] [WARNING] Mixed Content: The page at 'https://repository.upi.edu/149720/' was loaded over HTTPS, but requested an insecure element 'http://repository.upi.edu/style/images/fileicons/text.png'. This request was automatically upgraded to HTTPS, For more information see https://blog.chromium.org/2019/10/no-more-mixed-messages-about-https.html @ https://repository.upi.edu/149720/:0
[  388006ms] [WARNING] Mixed Content: The page at 'https://repository.upi.edu/149720/' was loaded over HTTPS, but requested an insecure element 'http://repository.upi.edu/style/images/fileicons/text.png'. This request was automatically upgraded to HTTPS, For more information see https://blog.chromium.org/2019/10/no-more-mixed-messages-about-https.html @ https://repository.upi.edu/149720/:0
[  388006ms] [WARNING] Mixed Content: The page at 'https://repository.upi.edu/149720/' was loaded over HTTPS, but requested an insecure element 'http://repository.upi.edu/style/images/fileicons/text.png'. This request was automatically upgraded to HTTPS, For more information see https://blog.chromium.org/2019/10/no-more-mixed-messages-about-https.html @ https://repository.upi.edu/149720/:0
[  388013ms] [WARNING] Mixed Content: The page at 'https://repository.upi.edu/149720/' was loaded over HTTPS, but requested an insecure element 'http://repository.upi.edu/style/images/fileicons/text.png'. This request was automatically upgraded to HTTPS, For more information see https://blog.chromium.org/2019/10/no-more-mixed-messages-about-https.html @ https://repository.upi.edu/149720/:318
[  388013ms] ReferenceError: gaq is not defined
    at https://repository.upi.edu/149720/:309:3
[  388013ms] [WARNING] Mixed Content: The page at 'https://repository.upi.edu/149720/' was loaded over HTTPS, but requested an insecure element 'http://repository.upi.edu/style/images/fileicons/text.png'. This request was automatically upgraded to HTTPS, For more information see https://blog.chromium.org/2019/10/no-more-mixed-messages-about-https.html @ https://repository.upi.edu/149720/:359
[  388013ms] ReferenceError: gaq is not defined
    at https://repository.upi.edu/149720/:350:3
[  388013ms] [WARNING] Mixed Content: The page at 'https://repository.upi.edu/149720/' was loaded over HTTPS, but requested an insecure element 'http://repository.upi.edu/style/images/fileicons/text.png'. This request was automatically upgraded to HTTPS, For more information see https://blog.chromium.org/2019/10/no-more-mixed-messages-about-https.html @ https://repository.upi.edu/149720/:400
[  388013ms] ReferenceError: gaq is not defined
    at https://repository.upi.edu/149720/:391:3
[  388013ms] [WARNING] Mixed Content: The page at 'https://repository.upi.edu/149720/' was loaded over HTTPS, but requested an insecure element 'http://repository.upi.edu/style/images/fileicons/text.png'. This request was automatically upgraded to HTTPS, For more information see https://blog.chromium.org/2019/10/no-more-mixed-messages-about-https.html @ https://repository.upi.edu/149720/:441
[  388013ms] ReferenceError: gaq is not defined
    at https://repository.upi.edu/149720/:432:3
[  388013ms] [WARNING] Mixed Content: The page at 'https://repository.upi.edu/149720/' was loaded over HTTPS, but requested an insecure element 'http://repository.upi.edu/style/images/fileicons/text.png'. This request was automatically upgraded to HTTPS, For more information see https://blog.chromium.org/2019/10/no-more-mixed-messages-about-https.html @ https://repository.upi.edu/149720/:482
[  388013ms] ReferenceError: gaq is not defined
    at https://repository.upi.edu/149720/:473:3
[  388013ms] [WARNING] Mixed Content: The page at 'https://repository.upi.edu/149720/' was loaded over HTTPS, but requested an insecure element 'http://repository.upi.edu/style/images/fileicons/text.png'. This request was automatically upgraded to HTTPS, For more information see https://blog.chromium.org/2019/10/no-more-mixed-messages-about-https.html @ https://repository.upi.edu/149720/:523
[  388013ms] ReferenceError: gaq is not defined
    at https://repository.upi.edu/149720/:514:3
[  388013ms] [WARNING] Mixed Content: The page at 'https://repository.upi.edu/149720/' was loaded over HTTPS, but requested an insecure element 'http://repository.upi.edu/style/images/fileicons/text.png'. This request was automatically upgraded to HTTPS, For more information see https://blog.chromium.org/2019/10/no-more-mixed-messages-about-https.html @ https://repository.upi.edu/149720/:564
[  388014ms] ReferenceError: gaq is not defined
    at https://repository.upi.edu/149720/:555:3
[  388169ms] [WARNING] Mixed Content: The page at 'https://repository.upi.edu/149480/' was loaded over HTTPS, but requested an insecure element 'http://repository.upi.edu/style/images/fileicons/text.png'. This request was automatically upgraded to HTTPS, For more information see https://blog.chromium.org/2019/10/no-more-mixed-messages-about-https.html @ https://repository.upi.edu/149480/:0
[  388169ms] [WARNING] Mixed Content: The page at 'https://repository.upi.edu/149480/' was loaded over HTTPS, but requested an insecure element 'http://repository.upi.edu/style/images/fileicons/text.png'. This request was automatically upgraded to HTTPS, For more information see https://blog.chromium.org/2019/10/no-more-mixed-messages-about-https.html @ https://repository.upi.edu/149480/:0
[  388169ms] [WARNING] Mixed Content: The page at 'https://repository.upi.edu/149480/' was loaded over HTTPS, but requested an insecure element 'http://repository.upi.edu/style/images/fileicons/text.png'. This request was automatically upgraded to HTTPS, For more information see https://blog.chromium.org/2019/10/no-more-mixed-messages-about-https.html @ https://repository.upi.edu/149480/:0
[  388169ms] [WARNING] Mixed Content: The page at 'https://repository.upi.edu/149480/' was loaded over HTTPS, but requested an insecure element 'http://repository.upi.edu/style/images/fileicons/text.png'. This request was automatically upgraded to HTTPS, For more information see https://blog.chromium.org/2019/10/no-more-mixed-messages-about-https.html @ https://repository.upi.edu/149480/:0
[  388169ms] [WARNING] Mixed Content: The page at 'https://repository.upi.edu/149480/' was loaded over HTTPS, but requested an insecure element 'http://repository.upi.edu/style/images/fileicons/text.png'. This request was automatically upgraded to HTTPS, For more information see https://blog.chromium.org/2019/10/no-more-mixed-messages-about-https.html @ https://repository.upi.edu/149480/:0
[  388169ms] [WARNING] Mixed Content: The page at 'https://repository.upi.edu/149480/' was loaded over HTTPS, but requested an insecure element 'http://repository.upi.edu/style/images/fileicons/text.png'. This request was automatically upgraded to HTTPS, For more information see https://blog.chromium.org/2019/10/no-more-mixed-messages-about-https.html @ https://repository.upi.edu/149480/:0
[  388175ms] [WARNING] Mixed Content: The page at 'https://repository.upi.edu/149480/' was loaded over HTTPS, but requested an insecure element 'http://repository.upi.edu/style/images/fileicons/text.png'. This request was automatically upgraded to HTTPS, For more information see https://blog.chromium.org/2019/10/no-more-mixed-messages-about-https.html @ https://repository.upi.edu/149480/:315
[  388177ms] ReferenceError: gaq is not defined
    at https://repository.upi.edu/149480/:306:3
[  388175ms] [WARNING] Mixed Content: The page at 'https://repository.upi.edu/149480/' was loaded over HTTPS, but requested an insecure element 'http://repository.upi.edu/style/images/fileicons/text.png'. This request was automatically upgraded to HTTPS, For more information see https://blog.chromium.org/2019/10/no-more-mixed-messages-about-https.html @ https://repository.upi.edu/149480/:356
[  388177ms] ReferenceError: gaq is not defined
    at https://repository.upi.edu/149480/:347:3
[  388175ms] [WARNING] Mixed Content: The page at 'https://repository.upi.edu/149480/' was loaded over HTTPS, but requested an insecure element 'http://repository.upi.edu/style/images/fileicons/text.png'. This request was automatically upgraded to HTTPS, For more information see https://blog.chromium.org/2019/10/no-more-mixed-messages-about-https.html @ https://repository.upi.edu/149480/:397
[  388177ms] ReferenceError: gaq is not defined
    at https://repository.upi.edu/149480/:388:3
[  388175ms] [WARNING] Mixed Content: The page at 'https://repository.upi.edu/149480/' was loaded over HTTPS, but requested an insecure element 'http://repository.upi.edu/style/images/fileicons/text.png'. This request was automatically upgraded to HTTPS, For more information see https://blog.chromium.org/2019/10/no-more-mixed-messages-about-https.html @ https://repository.upi.edu/149480/:438
[  388177ms] ReferenceError: gaq is not defined
    at https://repository.upi.edu/149480/:429:3
[  388175ms] [WARNING] Mixed Content: The page at 'https://repository.upi.edu/149480/' was loaded over HTTPS, but requested an insecure element 'http://repository.upi.edu/style/images/fileicons/text.png'. This request was automatically upgraded to HTTPS, For more information see https://blog.chromium.org/2019/10/no-more-mixed-messages-about-https.html @ https://repository.upi.edu/149480/:479
[  388177ms] ReferenceError: gaq is not defined
    at https://repository.upi.edu/149480/:470:3
[  388175ms] [WARNING] Mixed Content: The page at 'https://repository.upi.edu/149480/' was loaded over HTTPS, but requested an insecure element 'http://repository.upi.edu/style/images/fileicons/text.png'. This request was automatically upgraded to HTTPS, For more information see https://blog.chromium.org/2019/10/no-more-mixed-messages-about-https.html @ https://repository.upi.edu/149480/:520
[  388177ms] ReferenceError: gaq is not defined
    at https://repository.upi.edu/149480/:511:3
[  388302ms] [WARNING] Mixed Content: The page at 'https://repository.upi.edu/147985/' was loaded over HTTPS, but requested an insecure element 'http://repository.upi.edu/style/images/fileicons/text.png'. This request was automatically upgraded to HTTPS, For more information see https://blog.chromium.org/2019/10/no-more-mixed-messages-about-https.html @ https://repository.upi.edu/147985/:0
[  388303ms] [WARNING] Mixed Content: The page at 'https://repository.upi.edu/147985/' was loaded over HTTPS, but requested an insecure element 'http://repository.upi.edu/style/images/fileicons/text.png'. This request was automatically upgraded to HTTPS, For more information see https://blog.chromium.org/2019/10/no-more-mixed-messages-about-https.html @ https://repository.upi.edu/147985/:0
[  388303ms] [WARNING] Mixed Content: The page at 'https://repository.upi.edu/147985/' was loaded over HTTPS, but requested an insecure element 'http://repository.upi.edu/style/images/fileicons/text.png'. This request was automatically upgraded to HTTPS, For more information see https://blog.chromium.org/2019/10/no-more-mixed-messages-about-https.html @ https://repository.upi.edu/147985/:0
[  388303ms] [WARNING] Mixed Content: The page at 'https://repository.upi.edu/147985/' was loaded over HTTPS, but requested an insecure element 'http://repository.upi.edu/style/images/fileicons/text.png'. This request was automatically upgraded to HTTPS, For more information see https://blog.chromium.org/2019/10/no-more-mixed-messages-about-https.html @ https://repository.upi.edu/147985/:0
[  388303ms] [WARNING] Mixed Content: The page at 'https://repository.upi.edu/147985/' was loaded over HTTPS, but requested an insecure element 'http://repository.upi.edu/style/images/fileicons/text.png'. This request was automatically upgraded to HTTPS, For more information see https://blog.chromium.org/2019/10/no-more-mixed-messages-about-https.html @ https://repository.upi.edu/147985/:0
[  388303ms] [WARNING] Mixed Content: The page at 'https://repository.upi.edu/147985/' was loaded over HTTPS, but requested an insecure element 'http://repository.upi.edu/style/images/fileicons/text.png'. This request was automatically upgraded to HTTPS, For more information see https://blog.chromium.org/2019/10/no-more-mixed-messages-about-https.html @ https://repository.upi.edu/147985/:0
[  388303ms] [WARNING] Mixed Content: The page at 'https://repository.upi.edu/147985/' was loaded over HTTPS, but requested an insecure element 'http://repository.upi.edu/style/images/fileicons/text.png'. This request was automatically upgraded to HTTPS, For more information see https://blog.chromium.org/2019/10/no-more-mixed-messages-about-https.html @ https://repository.upi.edu/147985/:0
[  388309ms] [WARNING] Mixed Content: The page at 'https://repository.upi.edu/147985/' was loaded over HTTPS, but requested an insecure element 'http://repository.upi.edu/style/images/fileicons/text.png'. This request was automatically upgraded to HTTPS, For more information see https://blog.chromium.org/2019/10/no-more-mixed-messages-about-https.html @ https://repository.upi.edu/147985/:319
[  388310ms] ReferenceError: gaq is not defined
    at https://repository.upi.edu/147985/:310:3
[  388309ms] [WARNING] Mixed Content: The page at 'https://repository.upi.edu/147985/' was loaded over HTTPS, but requested an insecure element 'http://repository.upi.edu/style/images/fileicons/text.png'. This request was automatically upgraded to HTTPS, For more information see https://blog.chromium.org/2019/10/no-more-mixed-messages-about-https.html @ https://repository.upi.edu/147985/:360
[  388310ms] ReferenceError: gaq is not defined
    at https://repository.upi.edu/147985/:351:3
[  388309ms] [WARNING] Mixed Content: The page at 'https://repository.upi.edu/147985/' was loaded over HTTPS, but requested an insecure element 'http://repository.upi.edu/style/images/fileicons/text.png'. This request was automatically upgraded to HTTPS, For more information see https://blog.chromium.org/2019/10/no-more-mixed-messages-about-https.html @ https://repository.upi.edu/147985/:401
[  388311ms] ReferenceError: gaq is not defined
    at https://repository.upi.edu/147985/:392:3
[  388309ms] [WARNING] Mixed Content: The page at 'https://repository.upi.edu/147985/' was loaded over HTTPS, but requested an insecure element 'http://repository.upi.edu/style/images/fileicons/text.png'. This request was automatically upgraded to HTTPS, For more information see https://blog.chromium.org/2019/10/no-more-mixed-messages-about-https.html @ https://repository.upi.edu/147985/:442
[  388311ms] ReferenceError: gaq is not defined
    at https://repository.upi.edu/147985/:433:3
[  388309ms] [WARNING] Mixed Content: The page at 'https://repository.upi.edu/147985/' was loaded over HTTPS, but requested an insecure element 'http://repository.upi.edu/style/images/fileicons/text.png'. This request was automatically upgraded to HTTPS, For more information see https://blog.chromium.org/2019/10/no-more-mixed-messages-about-https.html @ https://repository.upi.edu/147985/:483
[  388311ms] ReferenceError: gaq is not defined
    at https://repository.upi.edu/147985/:474:3
[  388309ms] [WARNING] Mixed Content: The page at 'https://repository.upi.edu/147985/' was loaded over HTTPS, but requested an insecure element 'http://repository.upi.edu/style/images/fileicons/text.png'. This request was automatically upgraded to HTTPS, For more information see https://blog.chromium.org/2019/10/no-more-mixed-messages-about-https.html @ https://repository.upi.edu/147985/:524
[  388311ms] ReferenceError: gaq is not defined
    at https://repository.upi.edu/147985/:515:3
[  388309ms] [WARNING] Mixed Content: The page at 'https://repository.upi.edu/147985/' was loaded over HTTPS, but requested an insecure element 'http://repository.upi.edu/style/images/fileicons/text.png'. This request was automatically upgraded to HTTPS, For more information see https://blog.chromium.org/2019/10/no-more-mixed-messages-about-https.html @ https://repository.upi.edu/147985/:565
[  388311ms] ReferenceError: gaq is not defined
    at https://repository.upi.edu/147985/:556:3
[  388454ms] [WARNING] Mixed Content: The page at 'https://repository.upi.edu/148597/' was loaded over HTTPS, but requested an insecure element 'http://repository.upi.edu/style/images/fileicons/text.png'. This request was automatically upgraded to HTTPS, For more information see https://blog.chromium.org/2019/10/no-more-mixed-messages-about-https.html @ https://repository.upi.edu/148597/:0
[  388454ms] [WARNING] Mixed Content: The page at 'https://repository.upi.edu/148597/' was loaded over HTTPS, but requested an insecure element 'http://repository.upi.edu/style/images/fileicons/text.png'. This request was automatically upgraded to HTTPS, For more information see https://blog.chromium.org/2019/10/no-more-mixed-messages-about-https.html @ https://repository.upi.edu/148597/:0
[  388454ms] [WARNING] Mixed Content: The page at 'https://repository.upi.edu/148597/' was loaded over HTTPS, but requested an insecure element 'http://repository.upi.edu/style/images/fileicons/text.png'. This request was automatically upgraded to HTTPS, For more information see https://blog.chromium.org/2019/10/no-more-mixed-messages-about-https.html @ https://repository.upi.edu/148597/:0
[  388454ms] [WARNING] Mixed Content: The page at 'https://repository.upi.edu/148597/' was loaded over HTTPS, but requested an insecure element 'http://repository.upi.edu/style/images/fileicons/text.png'. This request was automatically upgraded to HTTPS, For more information see https://blog.chromium.org/2019/10/no-more-mixed-messages-about-https.html @ https://repository.upi.edu/148597/:0
[  388454ms] [WARNING] Mixed Content: The page at 'https://repository.upi.edu/148597/' was loaded over HTTPS, but requested an insecure element 'http://repository.upi.edu/style/images/fileicons/text.png'. This request was automatically upgraded to HTTPS, For more information see https://blog.chromium.org/2019/10/no-more-mixed-messages-about-https.html @ https://repository.upi.edu/148597/:0
[  388454ms] [WARNING] Mixed Content: The page at 'https://repository.upi.edu/148597/' was loaded over HTTPS, but requested an insecure element 'http://repository.upi.edu/style/images/fileicons/text.png'. This request was automatically upgraded to HTTPS, For more information see https://blog.chromium.org/2019/10/no-more-mixed-messages-about-https.html @ https://repository.upi.edu/148597/:0
[  388454ms] [WARNING] Mixed Content: The page at 'https://repository.upi.edu/148597/' was loaded over HTTPS, but requested an insecure element 'http://repository.upi.edu/style/images/fileicons/text.png'. This request was automatically upgraded to HTTPS, For more information see https://blog.chromium.org/2019/10/no-more-mixed-messages-about-https.html @ https://repository.upi.edu/148597/:0
[  388461ms] [WARNING] Mixed Content: The page at 'https://repository.upi.edu/148597/' was loaded over HTTPS, but requested an insecure element 'http://repository.upi.edu/style/images/fileicons/text.png'. This request was automatically upgraded to HTTPS, For more information see https://blog.chromium.org/2019/10/no-more-mixed-messages-about-https.html @ https://repository.upi.edu/148597/:321
[  388461ms] ReferenceError: gaq is not defined
    at https://repository.upi.edu/148597/:312:3
[  388461ms] [WARNING] Mixed Content: The page at 'https://repository.upi.edu/148597/' was loaded over HTTPS, but requested an insecure element 'http://repository.upi.edu/style/images/fileicons/text.png'. This request was automatically upgraded to HTTPS, For more information see https://blog.chromium.org/2019/10/no-more-mixed-messages-about-https.html @ https://repository.upi.edu/148597/:362
[  388461ms] ReferenceError: gaq is not defined
    at https://repository.upi.edu/148597/:353:3
[  388461ms] [WARNING] Mixed Content: The page at 'https://repository.upi.edu/148597/' was loaded over HTTPS, but requested an insecure element 'http://repository.upi.edu/style/images/fileicons/text.png'. This request was automatically upgraded to HTTPS, For more information see https://blog.chromium.org/2019/10/no-more-mixed-messages-about-https.html @ https://repository.upi.edu/148597/:403
[  388461ms] ReferenceError: gaq is not defined
    at https://repository.upi.edu/148597/:394:3
[  388461ms] [WARNING] Mixed Content: The page at 'https://repository.upi.edu/148597/' was loaded over HTTPS, but requested an insecure element 'http://repository.upi.edu/style/images/fileicons/text.png'. This request was automatically upgraded to HTTPS, For more information see https://blog.chromium.org/2019/10/no-more-mixed-messages-about-https.html @ https://repository.upi.edu/148597/:444
[  388461ms] ReferenceError: gaq is not defined
    at https://repository.upi.edu/148597/:435:3
[  388461ms] [WARNING] Mixed Content: The page at 'https://repository.upi.edu/148597/' was loaded over HTTPS, but requested an insecure element 'http://repository.upi.edu/style/images/fileicons/text.png'. This request was automatically upgraded to HTTPS, For more information see https://blog.chromium.org/2019/10/no-more-mixed-messages-about-https.html @ https://repository.upi.edu/148597/:485
[  388461ms] ReferenceError: gaq is not defined
    at https://repository.upi.edu/148597/:476:3
[  388461ms] [WARNING] Mixed Content: The page at 'https://repository.upi.edu/148597/' was loaded over HTTPS, but requested an insecure element 'http://repository.upi.edu/style/images/fileicons/text.png'. This request was automatically upgraded to HTTPS, For more information see https://blog.chromium.org/2019/10/no-more-mixed-messages-about-https.html @ https://repository.upi.edu/148597/:526
[  388461ms] ReferenceError: gaq is not defined
    at https://repository.upi.edu/148597/:517:3
[  388461ms] [WARNING] Mixed Content: The page at 'https://repository.upi.edu/148597/' was loaded over HTTPS, but requested an insecure element 'http://repository.upi.edu/style/images/fileicons/text.png'. This request was automatically upgraded to HTTPS, For more information see https://blog.chromium.org/2019/10/no-more-mixed-messages-about-https.html @ https://repository.upi.edu/148597/:567
[  388461ms] ReferenceError: gaq is not defined
    at https://repository.upi.edu/148597/:558:3
[  389005ms] [WARNING] Mixed Content: The page at 'https://repository.upi.edu/148993/' was loaded over HTTPS, but requested an insecure element 'http://repository.upi.edu/style/images/fileicons/text.png'. This request was automatically upgraded to HTTPS, For more information see https://blog.chromium.org/2019/10/no-more-mixed-messages-about-https.html @ https://repository.upi.edu/148993/:0
[  389005ms] [WARNING] Mixed Content: The page at 'https://repository.upi.edu/148993/' was loaded over HTTPS, but requested an insecure element 'http://repository.upi.edu/style/images/fileicons/text.png'. This request was automatically upgraded to HTTPS, For more information see https://blog.chromium.org/2019/10/no-more-mixed-messages-about-https.html @ https://repository.upi.edu/148993/:0
[  389005ms] [WARNING] Mixed Content: The page at 'https://repository.upi.edu/148993/' was loaded over HTTPS, but requested an insecure element 'http://repository.upi.edu/style/images/fileicons/text.png'. This request was automatically upgraded to HTTPS, For more information see https://blog.chromium.org/2019/10/no-more-mixed-messages-about-https.html @ https://repository.upi.edu/148993/:0
[  389005ms] [WARNING] Mixed Content: The page at 'https://repository.upi.edu/148993/' was loaded over HTTPS, but requested an insecure element 'http://repository.upi.edu/style/images/fileicons/text.png'. This request was automatically upgraded to HTTPS, For more information see https://blog.chromium.org/2019/10/no-more-mixed-messages-about-https.html @ https://repository.upi.edu/148993/:0
[  389005ms] [WARNING] Mixed Content: The page at 'https://repository.upi.edu/148993/' was loaded over HTTPS, but requested an insecure element 'http://repository.upi.edu/style/images/fileicons/text.png'. This request was automatically upgraded to HTTPS, For more information see https://blog.chromium.org/2019/10/no-more-mixed-messages-about-https.html @ https://repository.upi.edu/148993/:0
[  389005ms] [WARNING] Mixed Content: The page at 'https://repository.upi.edu/148993/' was loaded over HTTPS, but requested an insecure element 'http://repository.upi.edu/style/images/fileicons/text.png'. This request was automatically upgraded to HTTPS, For more information see https://blog.chromium.org/2019/10/no-more-mixed-messages-about-https.html @ https://repository.upi.edu/148993/:0
[  389005ms] [WARNING] Mixed Content: The page at 'https://repository.upi.edu/148993/' was loaded over HTTPS, but requested an insecure element 'http://repository.upi.edu/style/images/fileicons/text.png'. This request was automatically upgraded to HTTPS, For more information see https://blog.chromium.org/2019/10/no-more-mixed-messages-about-https.html @ https://repository.upi.edu/148993/:0
[  389012ms] [WARNING] Mixed Content: The page at 'https://repository.upi.edu/148993/' was loaded over HTTPS, but requested an insecure element 'http://repository.upi.edu/style/images/fileicons/text.png'. This request was automatically upgraded to HTTPS, For more information see https://blog.chromium.org/2019/10/no-more-mixed-messages-about-https.html @ https://repository.upi.edu/148993/:465
[  389013ms] ReferenceError: gaq is not defined
    at https://repository.upi.edu/148993/:456:3
[  389012ms] [WARNING] Mixed Content: The page at 'https://repository.upi.edu/148993/' was loaded over HTTPS, but requested an insecure element 'http://repository.upi.edu/style/images/fileicons/text.png'. This request was automatically upgraded to HTTPS, For more information see https://blog.chromium.org/2019/10/no-more-mixed-messages-about-https.html @ https://repository.upi.edu/148993/:506
[  389013ms] ReferenceError: gaq is not defined
    at https://repository.upi.edu/148993/:497:3
[  389013ms] [WARNING] Mixed Content: The page at 'https://repository.upi.edu/148993/' was loaded over HTTPS, but requested an insecure element 'http://repository.upi.edu/style/images/fileicons/text.png'. This request was automatically upgraded to HTTPS, For more information see https://blog.chromium.org/2019/10/no-more-mixed-messages-about-https.html @ https://repository.upi.edu/148993/:547
[  389013ms] ReferenceError: gaq is not defined
    at https://repository.upi.edu/148993/:538:3
[  389013ms] [WARNING] Mixed Content: The page at 'https://repository.upi.edu/148993/' was loaded over HTTPS, but requested an insecure element 'http://repository.upi.edu/style/images/fileicons/text.png'. This request was automatically upgraded to HTTPS, For more information see https://blog.chromium.org/2019/10/no-more-mixed-messages-about-https.html @ https://repository.upi.edu/148993/:588
[  389013ms] ReferenceError: gaq is not defined
    at https://repository.upi.edu/148993/:579:3
[  389013ms] [WARNING] Mixed Content: The page at 'https://repository.upi.edu/148993/' was loaded over HTTPS, but requested an insecure element 'http://repository.upi.edu/style/images/fileicons/text.png'. This request was automatically upgraded to HTTPS, For more information see https://blog.chromium.org/2019/10/no-more-mixed-messages-about-https.html @ https://repository.upi.edu/148993/:629
[  389013ms] ReferenceError: gaq is not defined
    at https://repository.upi.edu/148993/:620:3
[  389013ms] [WARNING] Mixed Content: The page at 'https://repository.upi.edu/148993/' was loaded over HTTPS, but requested an insecure element 'http://repository.upi.edu/style/images/fileicons/text.png'. This request was automatically upgraded to HTTPS, For more information see https://blog.chromium.org/2019/10/no-more-mixed-messages-about-https.html @ https://repository.upi.edu/148993/:670
[  389013ms] ReferenceError: gaq is not defined
    at https://repository.upi.edu/148993/:661:3
[  389013ms] [WARNING] Mixed Content: The page at 'https://repository.upi.edu/148993/' was loaded over HTTPS, but requested an insecure element 'http://repository.upi.edu/style/images/fileicons/text.png'. This request was automatically upgraded to HTTPS, For more information see https://blog.chromium.org/2019/10/no-more-mixed-messages-about-https.html @ https://repository.upi.edu/148993/:711
[  389013ms] ReferenceError: gaq is not defined
    at https://repository.upi.edu/148993/:702:3
[  414189ms] [WARNING] Mixed Content: The page at 'https://repository.upi.edu/149720/' was loaded over HTTPS, but requested an insecure element 'http://repository.upi.edu/style/images/fileicons/text.png'. This request was automatically upgraded to HTTPS, For more information see https://blog.chromium.org/2019/10/no-more-mixed-messages-about-https.html @ https://repository.upi.edu/149720/:0
[  414190ms] [WARNING] Mixed Content: The page at 'https://repository.upi.edu/149720/' was loaded over HTTPS, but requested an insecure element 'http://repository.upi.edu/style/images/fileicons/text.png'. This request was automatically upgraded to HTTPS, For more information see https://blog.chromium.org/2019/10/no-more-mixed-messages-about-https.html @ https://repository.upi.edu/149720/:0
[  414190ms] [WARNING] Mixed Content: The page at 'https://repository.upi.edu/149720/' was loaded over HTTPS, but requested an insecure element 'http://repository.upi.edu/style/images/fileicons/text.png'. This request was automatically upgraded to HTTPS, For more information see https://blog.chromium.org/2019/10/no-more-mixed-messages-about-https.html @ https://repository.upi.edu/149720/:0
[  414190ms] [WARNING] Mixed Content: The page at 'https://repository.upi.edu/149720/' was loaded over HTTPS, but requested an insecure element 'http://repository.upi.edu/style/images/fileicons/text.png'. This request was automatically upgraded to HTTPS, For more information see https://blog.chromium.org/2019/10/no-more-mixed-messages-about-https.html @ https://repository.upi.edu/149720/:0
[  414190ms] [WARNING] Mixed Content: The page at 'https://repository.upi.edu/149720/' was loaded over HTTPS, but requested an insecure element 'http://repository.upi.edu/style/images/fileicons/text.png'. This request was automatically upgraded to HTTPS, For more information see https://blog.chromium.org/2019/10/no-more-mixed-messages-about-https.html @ https://repository.upi.edu/149720/:0
[  414190ms] [WARNING] Mixed Content: The page at 'https://repository.upi.edu/149720/' was loaded over HTTPS, but requested an insecure element 'http://repository.upi.edu/style/images/fileicons/text.png'. This request was automatically upgraded to HTTPS, For more information see https://blog.chromium.org/2019/10/no-more-mixed-messages-about-https.html @ https://repository.upi.edu/149720/:0
[  414190ms] [WARNING] Mixed Content: The page at 'https://repository.upi.edu/149720/' was loaded over HTTPS, but requested an insecure element 'http://repository.upi.edu/style/images/fileicons/text.png'. This request was automatically upgraded to HTTPS, For more information see https://blog.chromium.org/2019/10/no-more-mixed-messages-about-https.html @ https://repository.upi.edu/149720/:0
[  414197ms] [WARNING] Mixed Content: The page at 'https://repository.upi.edu/149720/' was loaded over HTTPS, but requested an insecure element 'http://repository.upi.edu/style/images/fileicons/text.png'. This request was automatically upgraded to HTTPS, For more information see https://blog.chromium.org/2019/10/no-more-mixed-messages-about-https.html @ https://repository.upi.edu/149720/:318
[  414199ms] ReferenceError: gaq is not defined
    at https://repository.upi.edu/149720/:309:3
[  414197ms] [WARNING] Mixed Content: The page at 'https://repository.upi.edu/149720/' was loaded over HTTPS, but requested an insecure element 'http://repository.upi.edu/style/images/fileicons/text.png'. This request was automatically upgraded to HTTPS, For more information see https://blog.chromium.org/2019/10/no-more-mixed-messages-about-https.html @ https://repository.upi.edu/149720/:359
[  414199ms] ReferenceError: gaq is not defined
    at https://repository.upi.edu/149720/:350:3
[  414197ms] [WARNING] Mixed Content: The page at 'https://repository.upi.edu/149720/' was loaded over HTTPS, but requested an insecure element 'http://repository.upi.edu/style/images/fileicons/text.png'. This request was automatically upgraded to HTTPS, For more information see https://blog.chromium.org/2019/10/no-more-mixed-messages-about-https.html @ https://repository.upi.edu/149720/:400
[  414199ms] ReferenceError: gaq is not defined
    at https://repository.upi.edu/149720/:391:3
[  414197ms] [WARNING] Mixed Content: The page at 'https://repository.upi.edu/149720/' was loaded over HTTPS, but requested an insecure element 'http://repository.upi.edu/style/images/fileicons/text.png'. This request was automatically upgraded to HTTPS, For more information see https://blog.chromium.org/2019/10/no-more-mixed-messages-about-https.html @ https://repository.upi.edu/149720/:441
[  414199ms] ReferenceError: gaq is not defined
    at https://repository.upi.edu/149720/:432:3
[  414197ms] [WARNING] Mixed Content: The page at 'https://repository.upi.edu/149720/' was loaded over HTTPS, but requested an insecure element 'http://repository.upi.edu/style/images/fileicons/text.png'. This request was automatically upgraded to HTTPS, For more information see https://blog.chromium.org/2019/10/no-more-mixed-messages-about-https.html @ https://repository.upi.edu/149720/:482
[  414199ms] ReferenceError: gaq is not defined
    at https://repository.upi.edu/149720/:473:3
[  414198ms] [WARNING] Mixed Content: The page at 'https://repository.upi.edu/149720/' was loaded over HTTPS, but requested an insecure element 'http://repository.upi.edu/style/images/fileicons/text.png'. This request was automatically upgraded to HTTPS, For more information see https://blog.chromium.org/2019/10/no-more-mixed-messages-about-https.html @ https://repository.upi.edu/149720/:523
[  414199ms] ReferenceError: gaq is not defined
    at https://repository.upi.edu/149720/:514:3
[  414198ms] [WARNING] Mixed Content: The page at 'https://repository.upi.edu/149720/' was loaded over HTTPS, but requested an insecure element 'http://repository.upi.edu/style/images/fileicons/text.png'. This request was automatically upgraded to HTTPS, For more information see https://blog.chromium.org/2019/10/no-more-mixed-messages-about-https.html @ https://repository.upi.edu/149720/:564
[  414199ms] ReferenceError: gaq is not defined
    at https://repository.upi.edu/149720/:555:3
[  414312ms] [WARNING] Mixed Content: The page at 'https://repository.upi.edu/149480/' was loaded over HTTPS, but requested an insecure element 'http://repository.upi.edu/style/images/fileicons/text.png'. This request was automatically upgraded to HTTPS, For more information see https://blog.chromium.org/2019/10/no-more-mixed-messages-about-https.html @ https://repository.upi.edu/149480/:0
[  414312ms] [WARNING] Mixed Content: The page at 'https://repository.upi.edu/149480/' was loaded over HTTPS, but requested an insecure element 'http://repository.upi.edu/style/images/fileicons/text.png'. This request was automatically upgraded to HTTPS, For more information see https://blog.chromium.org/2019/10/no-more-mixed-messages-about-https.html @ https://repository.upi.edu/149480/:0
[  414312ms] [WARNING] Mixed Content: The page at 'https://repository.upi.edu/149480/' was loaded over HTTPS, but requested an insecure element 'http://repository.upi.edu/style/images/fileicons/text.png'. This request was automatically upgraded to HTTPS, For more information see https://blog.chromium.org/2019/10/no-more-mixed-messages-about-https.html @ https://repository.upi.edu/149480/:0
[  414312ms] [WARNING] Mixed Content: The page at 'https://repository.upi.edu/149480/' was loaded over HTTPS, but requested an insecure element 'http://repository.upi.edu/style/images/fileicons/text.png'. This request was automatically upgraded to HTTPS, For more information see https://blog.chromium.org/2019/10/no-more-mixed-messages-about-https.html @ https://repository.upi.edu/149480/:0
[  414312ms] [WARNING] Mixed Content: The page at 'https://repository.upi.edu/149480/' was loaded over HTTPS, but requested an insecure element 'http://repository.upi.edu/style/images/fileicons/text.png'. This request was automatically upgraded to HTTPS, For more information see https://blog.chromium.org/2019/10/no-more-mixed-messages-about-https.html @ https://repository.upi.edu/149480/:0
[  414312ms] [WARNING] Mixed Content: The page at 'https://repository.upi.edu/149480/' was loaded over HTTPS, but requested an insecure element 'http://repository.upi.edu/style/images/fileicons/text.png'. This request was automatically upgraded to HTTPS, For more information see https://blog.chromium.org/2019/10/no-more-mixed-messages-about-https.html @ https://repository.upi.edu/149480/:0
[  414318ms] [WARNING] Mixed Content: The page at 'https://repository.upi.edu/149480/' was loaded over HTTPS, but requested an insecure element 'http://repository.upi.edu/style/images/fileicons/text.png'. This request was automatically upgraded to HTTPS, For more information see https://blog.chromium.org/2019/10/no-more-mixed-messages-about-https.html @ https://repository.upi.edu/149480/:315
[  414318ms] ReferenceError: gaq is not defined
    at https://repository.upi.edu/149480/:306:3
[  414318ms] [WARNING] Mixed Content: The page at 'https://repository.upi.edu/149480/' was loaded over HTTPS, but requested an insecure element 'http://repository.upi.edu/style/images/fileicons/text.png'. This request was automatically upgraded to HTTPS, For more information see https://blog.chromium.org/2019/10/no-more-mixed-messages-about-https.html @ https://repository.upi.edu/149480/:356
[  414318ms] ReferenceError: gaq is not defined
    at https://repository.upi.edu/149480/:347:3
[  414318ms] [WARNING] Mixed Content: The page at 'https://repository.upi.edu/149480/' was loaded over HTTPS, but requested an insecure element 'http://repository.upi.edu/style/images/fileicons/text.png'. This request was automatically upgraded to HTTPS, For more information see https://blog.chromium.org/2019/10/no-more-mixed-messages-about-https.html @ https://repository.upi.edu/149480/:397
[  414318ms] ReferenceError: gaq is not defined
    at https://repository.upi.edu/149480/:388:3
[  414318ms] [WARNING] Mixed Content: The page at 'https://repository.upi.edu/149480/' was loaded over HTTPS, but requested an insecure element 'http://repository.upi.edu/style/images/fileicons/text.png'. This request was automatically upgraded to HTTPS, For more information see https://blog.chromium.org/2019/10/no-more-mixed-messages-about-https.html @ https://repository.upi.edu/149480/:438
[  414318ms] ReferenceError: gaq is not defined
    at https://repository.upi.edu/149480/:429:3
[  414318ms] [WARNING] Mixed Content: The page at 'https://repository.upi.edu/149480/' was loaded over HTTPS, but requested an insecure element 'http://repository.upi.edu/style/images/fileicons/text.png'. This request was automatically upgraded to HTTPS, For more information see https://blog.chromium.org/2019/10/no-more-mixed-messages-about-https.html @ https://repository.upi.edu/149480/:479
[  414318ms] ReferenceError: gaq is not defined
    at https://repository.upi.edu/149480/:470:3
[  414318ms] [WARNING] Mixed Content: The page at 'https://repository.upi.edu/149480/' was loaded over HTTPS, but requested an insecure element 'http://repository.upi.edu/style/images/fileicons/text.png'. This request was automatically upgraded to HTTPS, For more information see https://blog.chromium.org/2019/10/no-more-mixed-messages-about-https.html @ https://repository.upi.edu/149480/:520
[  414318ms] ReferenceError: gaq is not defined
    at https://repository.upi.edu/149480/:511:3
[  414445ms] [WARNING] Mixed Content: The page at 'https://repository.upi.edu/147985/' was loaded over HTTPS, but requested an insecure element 'http://repository.upi.edu/style/images/fileicons/text.png'. This request was automatically upgraded to HTTPS, For more information see https://blog.chromium.org/2019/10/no-more-mixed-messages-about-https.html @ https://repository.upi.edu/147985/:0
[  414445ms] [WARNING] Mixed Content: The page at 'https://repository.upi.edu/147985/' was loaded over HTTPS, but requested an insecure element 'http://repository.upi.edu/style/images/fileicons/text.png'. This request was automatically upgraded to HTTPS, For more information see https://blog.chromium.org/2019/10/no-more-mixed-messages-about-https.html @ https://repository.upi.edu/147985/:0
[  414445ms] [WARNING] Mixed Content: The page at 'https://repository.upi.edu/147985/' was loaded over HTTPS, but requested an insecure element 'http://repository.upi.edu/style/images/fileicons/text.png'. This request was automatically upgraded to HTTPS, For more information see https://blog.chromium.org/2019/10/no-more-mixed-messages-about-https.html @ https://repository.upi.edu/147985/:0
[  414445ms] [WARNING] Mixed Content: The page at 'https://repository.upi.edu/147985/' was loaded over HTTPS, but requested an insecure element 'http://repository.upi.edu/style/images/fileicons/text.png'. This request was automatically upgraded to HTTPS, For more information see https://blog.chromium.org/2019/10/no-more-mixed-messages-about-https.html @ https://repository.upi.edu/147985/:0
[  414445ms] [WARNING] Mixed Content: The page at 'https://repository.upi.edu/147985/' was loaded over HTTPS, but requested an insecure element 'http://repository.upi.edu/style/images/fileicons/text.png'. This request was automatically upgraded to HTTPS, For more information see https://blog.chromium.org/2019/10/no-more-mixed-messages-about-https.html @ https://repository.upi.edu/147985/:0
[  414445ms] [WARNING] Mixed Content: The page at 'https://repository.upi.edu/147985/' was loaded over HTTPS, but requested an insecure element 'http://repository.upi.edu/style/images/fileicons/text.png'. This request was automatically upgraded to HTTPS, For more information see https://blog.chromium.org/2019/10/no-more-mixed-messages-about-https.html @ https://repository.upi.edu/147985/:0
[  414445ms] [WARNING] Mixed Content: The page at 'https://repository.upi.edu/147985/' was loaded over HTTPS, but requested an insecure element 'http://repository.upi.edu/style/images/fileicons/text.png'. This request was automatically upgraded to HTTPS, For more information see https://blog.chromium.org/2019/10/no-more-mixed-messages-about-https.html @ https://repository.upi.edu/147985/:0
[  414451ms] [WARNING] Mixed Content: The page at 'https://repository.upi.edu/147985/' was loaded over HTTPS, but requested an insecure element 'http://repository.upi.edu/style/images/fileicons/text.png'. This request was automatically upgraded to HTTPS, For more information see https://blog.chromium.org/2019/10/no-more-mixed-messages-about-https.html @ https://repository.upi.edu/147985/:319
[  414452ms] ReferenceError: gaq is not defined
    at https://repository.upi.edu/147985/:310:3
[  414451ms] [WARNING] Mixed Content: The page at 'https://repository.upi.edu/147985/' was loaded over HTTPS, but requested an insecure element 'http://repository.upi.edu/style/images/fileicons/text.png'. This request was automatically upgraded to HTTPS, For more information see https://blog.chromium.org/2019/10/no-more-mixed-messages-about-https.html @ https://repository.upi.edu/147985/:360
[  414452ms] ReferenceError: gaq is not defined
    at https://repository.upi.edu/147985/:351:3
[  414451ms] [WARNING] Mixed Content: The page at 'https://repository.upi.edu/147985/' was loaded over HTTPS, but requested an insecure element 'http://repository.upi.edu/style/images/fileicons/text.png'. This request was automatically upgraded to HTTPS, For more information see https://blog.chromium.org/2019/10/no-more-mixed-messages-about-https.html @ https://repository.upi.edu/147985/:401
[  414452ms] ReferenceError: gaq is not defined
    at https://repository.upi.edu/147985/:392:3
[  414451ms] [WARNING] Mixed Content: The page at 'https://repository.upi.edu/147985/' was loaded over HTTPS, but requested an insecure element 'http://repository.upi.edu/style/images/fileicons/text.png'. This request was automatically upgraded to HTTPS, For more information see https://blog.chromium.org/2019/10/no-more-mixed-messages-about-https.html @ https://repository.upi.edu/147985/:442
[  414452ms] ReferenceError: gaq is not defined
    at https://repository.upi.edu/147985/:433:3
[  414451ms] [WARNING] Mixed Content: The page at 'https://repository.upi.edu/147985/' was loaded over HTTPS, but requested an insecure element 'http://repository.upi.edu/style/images/fileicons/text.png'. This request was automatically upgraded to HTTPS, For more information see https://blog.chromium.org/2019/10/no-more-mixed-messages-about-https.html @ https://repository.upi.edu/147985/:483
[  414452ms] ReferenceError: gaq is not defined
    at https://repository.upi.edu/147985/:474:3
[  414452ms] [WARNING] Mixed Content: The page at 'https://repository.upi.edu/147985/' was loaded over HTTPS, but requested an insecure element 'http://repository.upi.edu/style/images/fileicons/text.png'. This request was automatically upgraded to HTTPS, For more information see https://blog.chromium.org/2019/10/no-more-mixed-messages-about-https.html @ https://repository.upi.edu/147985/:524
[  414452ms] ReferenceError: gaq is not defined
    at https://repository.upi.edu/147985/:515:3
[  414452ms] [WARNING] Mixed Content: The page at 'https://repository.upi.edu/147985/' was loaded over HTTPS, but requested an insecure element 'http://repository.upi.edu/style/images/fileicons/text.png'. This request was automatically upgraded to HTTPS, For more information see https://blog.chromium.org/2019/10/no-more-mixed-messages-about-https.html @ https://repository.upi.edu/147985/:565
[  414452ms] ReferenceError: gaq is not defined
    at https://repository.upi.edu/147985/:556:3
[  414714ms] [WARNING] Mixed Content: The page at 'https://repository.upi.edu/148597/' was loaded over HTTPS, but requested an insecure element 'http://repository.upi.edu/style/images/fileicons/text.png'. This request was automatically upgraded to HTTPS, For more information see https://blog.chromium.org/2019/10/no-more-mixed-messages-about-https.html @ https://repository.upi.edu/148597/:0
[  414714ms] [WARNING] Mixed Content: The page at 'https://repository.upi.edu/148597/' was loaded over HTTPS, but requested an insecure element 'http://repository.upi.edu/style/images/fileicons/text.png'. This request was automatically upgraded to HTTPS, For more information see https://blog.chromium.org/2019/10/no-more-mixed-messages-about-https.html @ https://repository.upi.edu/148597/:0
[  414714ms] [WARNING] Mixed Content: The page at 'https://repository.upi.edu/148597/' was loaded over HTTPS, but requested an insecure element 'http://repository.upi.edu/style/images/fileicons/text.png'. This request was automatically upgraded to HTTPS, For more information see https://blog.chromium.org/2019/10/no-more-mixed-messages-about-https.html @ https://repository.upi.edu/148597/:0
[  414714ms] [WARNING] Mixed Content: The page at 'https://repository.upi.edu/148597/' was loaded over HTTPS, but requested an insecure element 'http://repository.upi.edu/style/images/fileicons/text.png'. This request was automatically upgraded to HTTPS, For more information see https://blog.chromium.org/2019/10/no-more-mixed-messages-about-https.html @ https://repository.upi.edu/148597/:0
[  414714ms] [WARNING] Mixed Content: The page at 'https://repository.upi.edu/148597/' was loaded over HTTPS, but requested an insecure element 'http://repository.upi.edu/style/images/fileicons/text.png'. This request was automatically upgraded to HTTPS, For more information see https://blog.chromium.org/2019/10/no-more-mixed-messages-about-https.html @ https://repository.upi.edu/148597/:0
[  414714ms] [WARNING] Mixed Content: The page at 'https://repository.upi.edu/148597/' was loaded over HTTPS, but requested an insecure element 'http://repository.upi.edu/style/images/fileicons/text.png'. This request was automatically upgraded to HTTPS, For more information see https://blog.chromium.org/2019/10/no-more-mixed-messages-about-https.html @ https://repository.upi.edu/148597/:0
[  414714ms] [WARNING] Mixed Content: The page at 'https://repository.upi.edu/148597/' was loaded over HTTPS, but requested an insecure element 'http://repository.upi.edu/style/images/fileicons/text.png'. This request was automatically upgraded to HTTPS, For more information see https://blog.chromium.org/2019/10/no-more-mixed-messages-about-https.html @ https://repository.upi.edu/148597/:0
[  414721ms] [WARNING] Mixed Content: The page at 'https://repository.upi.edu/148597/' was loaded over HTTPS, but requested an insecure element 'http://repository.upi.edu/style/images/fileicons/text.png'. This request was automatically upgraded to HTTPS, For more information see https://blog.chromium.org/2019/10/no-more-mixed-messages-about-https.html @ https://repository.upi.edu/148597/:321
[  414721ms] ReferenceError: gaq is not defined
    at https://repository.upi.edu/148597/:312:3
[  414721ms] [WARNING] Mixed Content: The page at 'https://repository.upi.edu/148597/' was loaded over HTTPS, but requested an insecure element 'http://repository.upi.edu/style/images/fileicons/text.png'. This request was automatically upgraded to HTTPS, For more information see https://blog.chromium.org/2019/10/no-more-mixed-messages-about-https.html @ https://repository.upi.edu/148597/:362
[  414721ms] ReferenceError: gaq is not defined
    at https://repository.upi.edu/148597/:353:3
[  414721ms] [WARNING] Mixed Content: The page at 'https://repository.upi.edu/148597/' was loaded over HTTPS, but requested an insecure element 'http://repository.upi.edu/style/images/fileicons/text.png'. This request was automatically upgraded to HTTPS, For more information see https://blog.chromium.org/2019/10/no-more-mixed-messages-about-https.html @ https://repository.upi.edu/148597/:403
[  414721ms] ReferenceError: gaq is not defined
    at https://repository.upi.edu/148597/:394:3
[  414721ms] [WARNING] Mixed Content: The page at 'https://repository.upi.edu/148597/' was loaded over HTTPS, but requested an insecure element 'http://repository.upi.edu/style/images/fileicons/text.png'. This request was automatically upgraded to HTTPS, For more information see https://blog.chromium.org/2019/10/no-more-mixed-messages-about-https.html @ https://repository.upi.edu/148597/:444
[  414721ms] ReferenceError: gaq is not defined
    at https://repository.upi.edu/148597/:435:3
[  414721ms] [WARNING] Mixed Content: The page at 'https://repository.upi.edu/148597/' was loaded over HTTPS, but requested an insecure element 'http://repository.upi.edu/style/images/fileicons/text.png'. This request was automatically upgraded to HTTPS, For more information see https://blog.chromium.org/2019/10/no-more-mixed-messages-about-https.html @ https://repository.upi.edu/148597/:485
[  414721ms] ReferenceError: gaq is not defined
    at https://repository.upi.edu/148597/:476:3
[  414721ms] [WARNING] Mixed Content: The page at 'https://repository.upi.edu/148597/' was loaded over HTTPS, but requested an insecure element 'http://repository.upi.edu/style/images/fileicons/text.png'. This request was automatically upgraded to HTTPS, For more information see https://blog.chromium.org/2019/10/no-more-mixed-messages-about-https.html @ https://repository.upi.edu/148597/:526
[  414721ms] ReferenceError: gaq is not defined
    at https://repository.upi.edu/148597/:517:3
[  414721ms] [WARNING] Mixed Content: The page at 'https://repository.upi.edu/148597/' was loaded over HTTPS, but requested an insecure element 'http://repository.upi.edu/style/images/fileicons/text.png'. This request was automatically upgraded to HTTPS, For more information see https://blog.chromium.org/2019/10/no-more-mixed-messages-about-https.html @ https://repository.upi.edu/148597/:567
[  414721ms] ReferenceError: gaq is not defined
    at https://repository.upi.edu/148597/:558:3
[  414831ms] [WARNING] Mixed Content: The page at 'https://repository.upi.edu/148993/' was loaded over HTTPS, but requested an insecure element 'http://repository.upi.edu/style/images/fileicons/text.png'. This request was automatically upgraded to HTTPS, For more information see https://blog.chromium.org/2019/10/no-more-mixed-messages-about-https.html @ https://repository.upi.edu/148993/:0
[  414831ms] [WARNING] Mixed Content: The page at 'https://repository.upi.edu/148993/' was loaded over HTTPS, but requested an insecure element 'http://repository.upi.edu/style/images/fileicons/text.png'. This request was automatically upgraded to HTTPS, For more information see https://blog.chromium.org/2019/10/no-more-mixed-messages-about-https.html @ https://repository.upi.edu/148993/:0
[  414831ms] [WARNING] Mixed Content: The page at 'https://repository.upi.edu/148993/' was loaded over HTTPS, but requested an insecure element 'http://repository.upi.edu/style/images/fileicons/text.png'. This request was automatically upgraded to HTTPS, For more information see https://blog.chromium.org/2019/10/no-more-mixed-messages-about-https.html @ https://repository.upi.edu/148993/:0
[  414831ms] [WARNING] Mixed Content: The page at 'https://repository.upi.edu/148993/' was loaded over HTTPS, but requested an insecure element 'http://repository.upi.edu/style/images/fileicons/text.png'. This request was automatically upgraded to HTTPS, For more information see https://blog.chromium.org/2019/10/no-more-mixed-messages-about-https.html @ https://repository.upi.edu/148993/:0
[  414831ms] [WARNING] Mixed Content: The page at 'https://repository.upi.edu/148993/' was loaded over HTTPS, but requested an insecure element 'http://repository.upi.edu/style/images/fileicons/text.png'. This request was automatically upgraded to HTTPS, For more information see https://blog.chromium.org/2019/10/no-more-mixed-messages-about-https.html @ https://repository.upi.edu/148993/:0
[  414831ms] [WARNING] Mixed Content: The page at 'https://repository.upi.edu/148993/' was loaded over HTTPS, but requested an insecure element 'http://repository.upi.edu/style/images/fileicons/text.png'. This request was automatically upgraded to HTTPS, For more information see https://blog.chromium.org/2019/10/no-more-mixed-messages-about-https.html @ https://repository.upi.edu/148993/:0
[  414831ms] [WARNING] Mixed Content: The page at 'https://repository.upi.edu/148993/' was loaded over HTTPS, but requested an insecure element 'http://repository.upi.edu/style/images/fileicons/text.png'. This request was automatically upgraded to HTTPS, For more information see https://blog.chromium.org/2019/10/no-more-mixed-messages-about-https.html @ https://repository.upi.edu/148993/:0
[  414837ms] [WARNING] Mixed Content: The page at 'https://repository.upi.edu/148993/' was loaded over HTTPS, but requested an insecure element 'http://repository.upi.edu/style/images/fileicons/text.png'. This request was automatically upgraded to HTTPS, For more information see https://blog.chromium.org/2019/10/no-more-mixed-messages-about-https.html @ https://repository.upi.edu/148993/:465
[  414838ms] ReferenceError: gaq is not defined
    at https://repository.upi.edu/148993/:456:3
[  414837ms] [WARNING] Mixed Content: The page at 'https://repository.upi.edu/148993/' was loaded over HTTPS, but requested an insecure element 'http://repository.upi.edu/style/images/fileicons/text.png'. This request was automatically upgraded to HTTPS, For more information see https://blog.chromium.org/2019/10/no-more-mixed-messages-about-https.html @ https://repository.upi.edu/148993/:506
[  414838ms] ReferenceError: gaq is not defined
    at https://repository.upi.edu/148993/:497:3
[  414837ms] [WARNING] Mixed Content: The page at 'https://repository.upi.edu/148993/' was loaded over HTTPS, but requested an insecure element 'http://repository.upi.edu/style/images/fileicons/text.png'. This request was automatically upgraded to HTTPS, For more information see https://blog.chromium.org/2019/10/no-more-mixed-messages-about-https.html @ https://repository.upi.edu/148993/:547
[  414838ms] ReferenceError: gaq is not defined
    at https://repository.upi.edu/148993/:538:3
[  414837ms] [WARNING] Mixed Content: The page at 'https://repository.upi.edu/148993/' was loaded over HTTPS, but requested an insecure element 'http://repository.upi.edu/style/images/fileicons/text.png'. This request was automatically upgraded to HTTPS, For more information see https://blog.chromium.org/2019/10/no-more-mixed-messages-about-https.html @ https://repository.upi.edu/148993/:588
[  414838ms] ReferenceError: gaq is not defined
    at https://repository.upi.edu/148993/:579:3
[  414838ms] [WARNING] Mixed Content: The page at 'https://repository.upi.edu/148993/' was loaded over HTTPS, but requested an insecure element 'http://repository.upi.edu/style/images/fileicons/text.png'. This request was automatically upgraded to HTTPS, For more information see https://blog.chromium.org/2019/10/no-more-mixed-messages-about-https.html @ https://repository.upi.edu/148993/:629
[  414838ms] ReferenceError: gaq is not defined
    at https://repository.upi.edu/148993/:620:3
[  414838ms] [WARNING] Mixed Content: The page at 'https://repository.upi.edu/148993/' was loaded over HTTPS, but requested an insecure element 'http://repository.upi.edu/style/images/fileicons/text.png'. This request was automatically upgraded to HTTPS, For more information see https://blog.chromium.org/2019/10/no-more-mixed-messages-about-https.html @ https://repository.upi.edu/148993/:670
[  414838ms] ReferenceError: gaq is not defined
    at https://repository.upi.edu/148993/:661:3
[  414838ms] [WARNING] Mixed Content: The page at 'https://repository.upi.edu/148993/' was loaded over HTTPS, but requested an insecure element 'http://repository.upi.edu/style/images/fileicons/text.png'. This request was automatically upgraded to HTTPS, For more information see https://blog.chromium.org/2019/10/no-more-mixed-messages-about-https.html @ https://repository.upi.edu/148993/:711
[  414838ms] ReferenceError: gaq is not defined
    at https://repository.upi.edu/148993/:702:3
